// Jest Snapshot v1, https://goo.gl/fbAQLP

exports[`DashboardTotals should render 1`] = `
<div>
  <div
    class="totals"
  >
    <div>
      <div
        class="date"
      >
        БЕР. 2026 Р.
      </div>
      <div
        class="sumContainer"
      >
        <span
          class="currencySymbol"
        >
          $
        </span>
         
        <span
          class="sum"
        >
          100
        </span>
      </div>
    </div>
    <div>
      <div
        class="date"
      >
        1 year
      </div>
      <div
        class="sumContainer"
      >
        <span
          class="currencySymbol"
        >
          $
        </span>
         
        <span
          class="sum"
        >
          600
        </span>
      </div>
    </div>
  </div>
</div>
`;
